Process Process-2:
Traceback (most recent call last):
  File "/usr/lib/python3.6/multiprocessing/process.py", line 258, in _bootstrap
    self.run()
  File "/usr/lib/python3.6/multiprocessing/process.py", line 93, in run
    self._target(*self._args, **self._kwargs)
  File "influxdb_load_cont.py", line 662, in continous_upload
    upload_points=get_lines_after_ltimedb(data_points,ment) # points that need to be uploaded
  File "influxdb_load_cont.py", line 534, in get_lines_after_ltimedb
    elif ltimedps > ltimedb: # needs to get all the extra data points no in the database and prepare the array
TypeError: '>' not supported between instances of 'int' and 'datetime.datetime'
Process Process-2:
Traceback (most recent call last):
  File "/usr/lib/python3.6/multiprocessing/process.py", line 258, in _bootstrap
    self.run()
  File "/usr/lib/python3.6/multiprocessing/process.py", line 93, in run
    self._target(*self._args, **self._kwargs)
  File "influxdb_load_cont.py", line 662, in continous_upload
    upload_points=get_lines_after_ltimedb(data_points,ment) # points that need to be uploaded
  File "influxdb_load_cont.py", line 534, in get_lines_after_ltimedb
    elif ltimedps > ltimedb: # needs to get all the extra data points no in the database and prepare the array
TypeError: '>' not supported between instances of 'int' and 'datetime.datetime'
Process Process-2:
Traceback (most recent call last):
  File "/usr/lib/python3.6/multiprocessing/process.py", line 258, in _bootstrap
    self.run()
  File "/usr/lib/python3.6/multiprocessing/process.py", line 93, in run
    self._target(*self._args, **self._kwargs)
  File "influxdb_load_cont.py", line 662, in continous_upload
    upload_points=get_lines_after_ltimedb(data_points,ment) # points that need to be uploaded
  File "influxdb_load_cont.py", line 534, in get_lines_after_ltimedb
    elif ltimedps > ltimedb: # needs to get all the extra data points no in the database and prepare the array
TypeError: '>' not supported between instances of 'int' and 'datetime.datetime'
Process Process-2:
Traceback (most recent call last):
  File "/usr/lib/python3.6/multiprocessing/process.py", line 258, in _bootstrap
    self.run()
  File "/usr/lib/python3.6/multiprocessing/process.py", line 93, in run
    self._target(*self._args, **self._kwargs)
  File "influxdb_load_cont.py", line 662, in continous_upload
    upload_points=get_lines_after_ltimedb(data_points,ment) # points that need to be uploaded
  File "influxdb_load_cont.py", line 534, in get_lines_after_ltimedb
    elif ltimedps > ltimedb: # needs to get all the extra data points no in the database and prepare the array
TypeError: '>' not supported between instances of 'int' and 'datetime.datetime'
Process Process-2:
Traceback (most recent call last):
  File "/usr/lib/python3.6/multiprocessing/process.py", line 258, in _bootstrap
    self.run()
  File "/usr/lib/python3.6/multiprocessing/process.py", line 93, in run
    self._target(*self._args, **self._kwargs)
  File "influxdb_load_cont.py", line 662, in continous_upload
    upload_points=get_lines_after_ltimedb(data_points,ment) # points that need to be uploaded
  File "influxdb_load_cont.py", line 534, in get_lines_after_ltimedb
    elif ltimedps > ltimedb: # needs to get all the extra data points no in the database and prepare the array
TypeError: '>' not supported between instances of 'int' and 'datetime.datetime'
Process Process-2:
Traceback (most recent call last):
  File "/usr/lib/python3.6/multiprocessing/process.py", line 258, in _bootstrap
    self.run()
  File "/usr/lib/python3.6/multiprocessing/process.py", line 93, in run
    self._target(*self._args, **self._kwargs)
  File "influxdb_load_cont.py", line 662, in continous_upload
    upload_points=get_lines_after_ltimedb(data_points,ment) # points that need to be uploaded
  File "influxdb_load_cont.py", line 534, in get_lines_after_ltimedb
    elif ltimedps > ltimedb: # needs to get all the extra data points no in the database and prepare the array
TypeError: '>' not supported between instances of 'int' and 'datetime.datetime'
python3: can't open file '/home/Database/influxdb_load_cont.py': [Errno 2] No such file or directory
python3: can't open file '/home/Database/influxdb_load_cont.py': [Errno 2] No such file or directory
python3: can't open file '/home/Database/influxdb_load_cont.py': [Errno 2] No such file or directory
python3: can't open file '/home/Database/influxdb_load_cont.py': [Errno 2] No such file or directory
python3: can't open file '/home/Database/influxdb_load_cont.py': [Errno 2] No such file or directory
python3: can't open file '/home/Database/influxdb_load_cont.py': [Errno 2] No such file or directory
python3: can't open file '/home/Database/influxdb_load_cont.py': [Errno 2] No such file or directory
